// Jest Snapshot v1, https://goo.gl/fbAQLP

exports[`Congrats message component should render the component 1`] = `Object {}`;
